[docs.laravel.fr/4.html]
[backblue.gif]
[fade.gif]
[index.html]
[docs.laravel.fr/css/normalize.css]
[docs.laravel.fr/css/font-awesome.min.css]
[docs.laravel.fr/css/app.css]
[docs.laravel.fr/img/laravel_logo.png]
[docs.laravel.fr/dev.html]
[docs.laravel.fr/4-2.html]
[docs.laravel.fr/index.html]
[docs.laravel.fr/3.html]
[docs.laravel.fr/4.1/introduction.html]
[docs.laravel.fr/4.1/quick.html]
[docs.laravel.fr/4.1/releases.html]
[docs.laravel.fr/4.1/upgrade.html]
[docs.laravel.fr/4.1/installation.html]
[docs.laravel.fr/4.1/configuration.html]
[docs.laravel.fr/4.1/lifecycle.html]
[docs.laravel.fr/4.1/routing.html]
[docs.laravel.fr/4.1/requests.html]
[docs.laravel.fr/4.1/responses.html]
[docs.laravel.fr/4.1/controllers.html]
[docs.laravel.fr/4.1/errors.html]
[docs.laravel.fr/4.1/security.html]
[docs.laravel.fr/4.1/cache.html]
[docs.laravel.fr/4.1/events.html]
[docs.laravel.fr/4.1/extending.html]
[docs.laravel.fr/4.1/facades.html]
[docs.laravel.fr/4.1/html.html]
[docs.laravel.fr/4.1/helpers.html]
[docs.laravel.fr/4.1/ioc.html]
[docs.laravel.fr/4.1/localization.html]
[docs.laravel.fr/4.1/mail.html]
[docs.laravel.fr/4.1/packages.html]
[docs.laravel.fr/4.1/pagination.html]
[docs.laravel.fr/4.1/queues.html]
[docs.laravel.fr/4.1/session.html]
[docs.laravel.fr/4.1/ssh.html]
[docs.laravel.fr/4.1/templates.html]
[docs.laravel.fr/4.1/testing.html]
[docs.laravel.fr/4.1/validation.html]
[docs.laravel.fr/4.1/database.html]
[docs.laravel.fr/4.1/queries.html]
[docs.laravel.fr/4.1/eloquent.html]
[docs.laravel.fr/4.1/schema.html]
[docs.laravel.fr/4.1/migrations.html]
[docs.laravel.fr/4.1/redis.html]
[docs.laravel.fr/4.1/artisan.html]
[docs.laravel.fr/4.1/commands.html]
[docs.laravel.fr/4/security]
[docs.laravel.fr/js/modernizr.js]
[docs.laravel.fr/js/jquery-2.0.3.min.js]
[docs.laravel.fr/js/app.js]
[docs.laravel.fr/js/prettify/prettify.js]
[docs.laravel.fr/4.html]
[docs.laravel.fr/css/normalize.css]
[docs.laravel.fr/font/fontawesome-webfontf77b.eot]
[docs.laravel.fr/font/fontawesome-webfontd41d.eot]
[docs.laravel.fr/font/fontawesome-webfontf77b.woff]
[docs.laravel.fr/css/font-awesome.min.css]
[docs.laravel.fr/css/app.css]
[docs.laravel.fr/index.html]
[docs.laravel.fr/dev/introduction.html]
[docs.laravel.fr/dev/quick.html]
[docs.laravel.fr/dev/releases.html]
[docs.laravel.fr/dev/upgrade.html]
[docs.laravel.fr/dev/installation.html]
[docs.laravel.fr/dev/configuration.html]
[docs.laravel.fr/dev/lifecycle.html]
[docs.laravel.fr/dev/routing.html]
[docs.laravel.fr/dev/requests.html]
[docs.laravel.fr/dev/responses.html]
[docs.laravel.fr/dev/controllers.html]
[docs.laravel.fr/dev/errors.html]
[docs.laravel.fr/dev/security.html]
[docs.laravel.fr/dev/cache.html]
[docs.laravel.fr/dev/events.html]
[docs.laravel.fr/dev/extending.html]
[docs.laravel.fr/dev/facades.html]
[docs.laravel.fr/dev/html.html]
[docs.laravel.fr/dev/helpers.html]
[docs.laravel.fr/dev/ioc.html]
[docs.laravel.fr/dev/localization.html]
[docs.laravel.fr/dev/mail.html]
[docs.laravel.fr/dev/packages.html]
[docs.laravel.fr/dev/pagination.html]
[docs.laravel.fr/dev/queues.html]
[docs.laravel.fr/dev/session.html]
[docs.laravel.fr/dev/ssh.html]
[docs.laravel.fr/dev/templates.html]
[docs.laravel.fr/dev/testing.html]
[docs.laravel.fr/dev/validation.html]
[docs.laravel.fr/dev/database.html]
[docs.laravel.fr/dev/queries.html]
[docs.laravel.fr/dev/eloquent.html]
[docs.laravel.fr/dev/schema.html]
[docs.laravel.fr/dev/migrations.html]
[docs.laravel.fr/dev/redis.html]
[docs.laravel.fr/dev/artisan.html]
[docs.laravel.fr/dev.html]
[docs.laravel.fr/dev/commands.html]
[docs.laravel.fr/4.0/introduction.html]
[docs.laravel.fr/4.0/quick.html]
[docs.laravel.fr/4.0/contributing.html]
[docs.laravel.fr/4.0/installation.html]
[docs.laravel.fr/4.0/configuration.html]
[docs.laravel.fr/4.0/lifecycle.html]
[docs.laravel.fr/4.0/routing.html]
[docs.laravel.fr/4.0/requests.html]
[docs.laravel.fr/4.0/responses.html]
[docs.laravel.fr/4.0/controllers.html]
[docs.laravel.fr/4.0/errors.html]
[docs.laravel.fr/4.0/cache.html]
[docs.laravel.fr/4.0/events.html]
[docs.laravel.fr/4.0/extending.html]
[docs.laravel.fr/4.0/facades.html]
[docs.laravel.fr/4.0/html.html]
[docs.laravel.fr/4.0/helpers.html]
[docs.laravel.fr/4.0/ioc.html]
[docs.laravel.fr/4.0/localization.html]
[docs.laravel.fr/4.0/mail.html]
[docs.laravel.fr/4.0/packages.html]
[docs.laravel.fr/4.0/pagination.html]
[docs.laravel.fr/4.0/queues.html]
[docs.laravel.fr/4.0/security.html]
[docs.laravel.fr/4.0/session.html]
[docs.laravel.fr/4.0/templates.html]
[docs.laravel.fr/4.0/testing.html]
[docs.laravel.fr/4.0/validation.html]
[docs.laravel.fr/4.0/database.html]
[docs.laravel.fr/4.0/queries.html]
[docs.laravel.fr/4.0/eloquent.html]
[docs.laravel.fr/4.0/schema.html]
[docs.laravel.fr/4.0/migrations.html]
[docs.laravel.fr/4.0/redis.html]
[docs.laravel.fr/4.0/artisan.html]
[docs.laravel.fr/4-2.html]
[docs.laravel.fr/4.0/commands.html]
[docs.laravel.fr/3/home.html]
[docs.laravel.fr/3/installation.html]
[docs.laravel.fr/3/routes.html]
[docs.laravel.fr/3/controleurs.html]
[docs.laravel.fr/3/modeles.html]
[docs.laravel.fr/3/vues]
[docs.laravel.fr/3/vues/assets.html]
[docs.laravel.fr/3/vues/templating.html]
[docs.laravel.fr/3/vues/pagination.html]
[docs.laravel.fr/3/vues/html.html]
[docs.laravel.fr/3/vues/formulaires.html]
[docs.laravel.fr/3/input.html]
[docs.laravel.fr/3/bundles.html]
[docs.laravel.fr/3/loading.html]
[docs.laravel.fr/3/logging.html]
[docs.laravel.fr/3/profiler.html]
[docs.laravel.fr/3/config.html]
[docs.laravel.fr/3/requests.html]
[docs.laravel.fr/3/urls.html]
[docs.laravel.fr/3/evenements.html]
[docs.laravel.fr/3/validation.html]
[docs.laravel.fr/3/files.html]
[docs.laravel.fr/3/strings.html]
[docs.laravel.fr/3/localization.html]
[docs.laravel.fr/3/encryption.html]
[docs.laravel.fr/3/ioc.html]
[docs.laravel.fr/3/testing.html]
[docs.laravel.fr/3/database/config.html]
[docs.laravel.fr/3/database/raw.html]
[docs.laravel.fr/3/database/fluent.html]
[docs.laravel.fr/3/database/eloquent.html]
[docs.laravel.fr/3/database/schema.html]
[docs.laravel.fr/3/database/migrations.html]
[docs.laravel.fr/3/database/redis.html]
[docs.laravel.fr/3/cache/config.html]
[docs.laravel.fr/3/cache/usage.html]
[docs.laravel.fr/3/session/config.html]
[docs.laravel.fr/3/session/usage.html]
[docs.laravel.fr/3/auth/config.html]
[docs.laravel.fr/3/auth/usage.html]
[docs.laravel.fr/3/artisan/tasks.html]
[docs.laravel.fr/3.html]
[docs.laravel.fr/3/artisan/commands.html]
[docs.laravel.fr/4.1/4/security]
[docs.laravel.fr/4.1/introduction.html]
[docs.laravel.fr/4.1/quick.html]
[docs.laravel.fr/4.1/releases.html]
[docs.laravel.fr/4.1/upgrade.html]
[docs.laravel.fr/4.1/installation.html]
[docs.laravel.fr/4.1/configuration.html]
[docs.laravel.fr/4.1/lifecycle.html]
[docs.laravel.fr/4.1/routing.html]
[docs.laravel.fr/4.1/requests.html]
[docs.laravel.fr/4.1/responses.html]
[docs.laravel.fr/4.1/controllers.html]
[docs.laravel.fr/4.1/errors.html]
[docs.laravel.fr/4.1/security.html]
[docs.laravel.fr/4.1/cache.html]
[docs.laravel.fr/4.1/events.html]
[docs.laravel.fr/4.1/extending.html]
[docs.laravel.fr/4.1/facades.html]
[docs.laravel.fr/4.1/html.html]
[docs.laravel.fr/4.1/helpers.html]
[docs.laravel.fr/4.1/ioc.html]
[docs.laravel.fr/4.1/localization.html]
[docs.laravel.fr/4.1/mail.html]
[docs.laravel.fr/4.1/packages.html]
[docs.laravel.fr/4.1/pagination.html]
[docs.laravel.fr/4.1/queues.html]
[docs.laravel.fr/4.1/session.html]
[docs.laravel.fr/4.1/ssh.html]
[docs.laravel.fr/4.1/templates.html]
[docs.laravel.fr/4.1/testing.html]
[docs.laravel.fr/4.1/validation.html]
[docs.laravel.fr/4.1/database.html]
[docs.laravel.fr/4.1/queries.html]
[docs.laravel.fr/4.1/eloquent.html]
[docs.laravel.fr/4.1/schema.html]
[docs.laravel.fr/4.1/migrations.html]
[docs.laravel.fr/4.1/redis.html]
[docs.laravel.fr/4.1/artisan.html]
[docs.laravel.fr/4.1/commands.html]
[docs.laravel.fr/font/fontawesome-webfontf77b.html]
[docs.laravel.fr/font/fontawesome-webfont.svg]
[docs.laravel.fr/4/security.html]
[docs.laravel.fr/dev/4/security.ad.delayed]
[docs.laravel.fr/dev/introduction.html]
[docs.laravel.fr/dev/quick.html]
[docs.laravel.fr/dev/releases.html]
[docs.laravel.fr/dev/upgrade.html]
[docs.laravel.fr/dev/installation.html]
[docs.laravel.fr/dev/configuration.html]
[docs.laravel.fr/dev/lifecycle.html]
[docs.laravel.fr/dev/routing.html]
[docs.laravel.fr/dev/requests.html]
[docs.laravel.fr/dev/responses.html]
[docs.laravel.fr/dev/controllers.html]
[docs.laravel.fr/dev/errors.html]
[docs.laravel.fr/dev/security.html]
[docs.laravel.fr/dev/cache.html]
[docs.laravel.fr/dev/events.html]
[docs.laravel.fr/dev/extending.html]
[docs.laravel.fr/dev/facades.html]
[docs.laravel.fr/dev/html.html]
[docs.laravel.fr/dev/helpers.html]
[docs.laravel.fr/dev/ioc.html]
[docs.laravel.fr/dev/localization.html]
[docs.laravel.fr/dev/mail.html]
[docs.laravel.fr/dev/packages.html]
[docs.laravel.fr/dev/pagination.html]
[docs.laravel.fr/dev/queues.html]
[docs.laravel.fr/dev/session.html]
[docs.laravel.fr/dev/ssh.html]
[docs.laravel.fr/dev/templates.html]
[docs.laravel.fr/dev/testing.html]
[docs.laravel.fr/dev/validation.html]
[docs.laravel.fr/dev/database.html]
[docs.laravel.fr/dev/queries.html]
[docs.laravel.fr/dev/eloquent.html]
[docs.laravel.fr/dev/schema.html]
[docs.laravel.fr/dev/migrations.html]
[docs.laravel.fr/dev/redis.html]
[docs.laravel.fr/dev/artisan.html]
[docs.laravel.fr/dev/commands.html]
[docs.laravel.fr/4.0/4/security.ae.delayed]
[docs.laravel.fr/4.0/introduction.html]
[docs.laravel.fr/4.0/quick.html]
[docs.laravel.fr/4.0/contributing.html]
[docs.laravel.fr/4.0/installation.html]
[docs.laravel.fr/4.0/configuration.html]
[docs.laravel.fr/4.0/lifecycle.html]
[docs.laravel.fr/4.0/routing.html]
[docs.laravel.fr/4.0/requests.html]
[docs.laravel.fr/4.0/responses.html]
[docs.laravel.fr/4.0/controllers.html]
[docs.laravel.fr/4.0/errors.html]
[docs.laravel.fr/4.0/cache.html]
[docs.laravel.fr/4.0/events.html]
[docs.laravel.fr/4.0/extending.html]
[docs.laravel.fr/4.0/facades.html]
[docs.laravel.fr/4.0/html.html]
[docs.laravel.fr/4.0/helpers.html]
[docs.laravel.fr/4.0/ioc.html]
[docs.laravel.fr/4.0/localization.html]
[docs.laravel.fr/4.0/mail.html]
[docs.laravel.fr/4.0/packages.html]
[docs.laravel.fr/4.0/pagination.html]
[docs.laravel.fr/4.0/queues.html]
[docs.laravel.fr/4.0/security.html]
[docs.laravel.fr/4.0/session.html]
[docs.laravel.fr/4.0/templates.html]
[docs.laravel.fr/4.0/testing.html]
[docs.laravel.fr/4.0/validation.html]
[docs.laravel.fr/4.0/database.html]
[docs.laravel.fr/4.0/queries.html]
[docs.laravel.fr/4.0/eloquent.html]
[docs.laravel.fr/4.0/schema.html]
[docs.laravel.fr/4.0/migrations.html]
[docs.laravel.fr/4.0/redis.html]
[docs.laravel.fr/4.0/artisan.html]
[docs.laravel.fr/4.0/commands.html]
[docs.laravel.fr/3/home.html]
[docs.laravel.fr/telecharger.af.delayed]
[docs.laravel.fr/3/installation.html]
[docs.laravel.fr/3/routes.html]
[docs.laravel.fr/3/controleurs.html]
[docs.laravel.fr/3/modeles.html]
[docs.laravel.fr/3/vues/assets.html]
[docs.laravel.fr/3/vues/templating.html]
[docs.laravel.fr/3/vues/pagination.html]
[docs.laravel.fr/3/vues/html.html]
[docs.laravel.fr/3/vues/formulaires.html]
[docs.laravel.fr/3/input.html]
[docs.laravel.fr/3/bundles.html]
[docs.laravel.fr/3/loading.html]
[docs.laravel.fr/3/logging.html]
[docs.laravel.fr/3/profiler.html]
[docs.laravel.fr/3/config.html]
[docs.laravel.fr/3/requests.html]
[docs.laravel.fr/3/urls.html]
[docs.laravel.fr/3/evenements.html]
[docs.laravel.fr/3/validation.html]
[docs.laravel.fr/3/files.html]
[docs.laravel.fr/3/strings.html]
[docs.laravel.fr/3/localization.html]
[docs.laravel.fr/3/encryption.html]
[docs.laravel.fr/3/vues.html]
[docs.laravel.fr/3/controllers.b0.delayed]
[docs.laravel.fr/3/ioc.html]
[docs.laravel.fr/3/testing.html]
[docs.laravel.fr/3/database/options.b1.delayed]
[docs.laravel.fr/3/database/config.html]
[docs.laravel.fr/3/database/raw.html]
[docs.laravel.fr/3/database/fluent.html]
[docs.laravel.fr/3/database/eloquent.html]
[docs.laravel.fr/3/database/schema.html]
[docs.laravel.fr/3/database/migrations.html]
[docs.laravel.fr/3/database/redis.html]
[docs.laravel.fr/3/cache/config.html]
[docs.laravel.fr/3/cache/usage.html]
[docs.laravel.fr/3/session/config.html]
[docs.laravel.fr/3/session/usage.html]
[docs.laravel.fr/3/auth/config.html]
[docs.laravel.fr/3/auth/usage.html]
[docs.laravel.fr/3/artisan/tasks.html]
[docs.laravel.fr/3/install.b2.delayed]
[docs.laravel.fr/3/routing.b3.delayed]
[docs.laravel.fr/3/artisan/commands.html]
[docs.laravel.fr/3/bundles/index.html]
[docs.laravel.fr/3/bundles/index.html]
[docs.laravel.fr/4.1/4/security.html]
[docs.laravel.fr/4/security.html]
[docs.laravel.fr/4/security.html]
[docs.laravel.fr/3/vues.html]
[docs.laravel.fr/3/vues.html]
[docs.laravel.fr/4.1/4/security.html]
[docs.laravel.fr/4.1/4/security.html]
[docs.laravel.fr/dev/4/security.html]
[docs.laravel.fr/4.0/4/security.html]
[docs.laravel.fr/telecharger.html]
[docs.laravel.fr/3/controllers.html]
[docs.laravel.fr/3/database/options.html]
[docs.laravel.fr/3/install.html]
[docs.laravel.fr/3/routing.html]
